// Jest Snapshot v1, https://goo.gl/fbAQLP

exports[`CategoriesFilter.vue should render correctly 1`] = `
<div
  class="categories-filter pa-3"
>
  <h3
    class="headline"
  >
    Categories
  </h3>
   
  <hr
    aria-orientation="horizontal"
    class="pb-5 v-divider theme--light"
    role="separator"
  />
   
  <div
    class="v-input ma-0 pa-0 v-input--dense theme--light v-input--selection-controls v-input--checkbox"
  >
    <div
      class="v-input__control"
    >
      <div
        class="v-input__slot"
      >
        <div
          class="v-input--selection-controls__input"
        >
          <input
            aria-checked="false"
            id="input-12"
            role="checkbox"
            type="checkbox"
            value=""
          />
          <div
            class="v-input--selection-controls__ripple"
          />
          <i
            aria-hidden="true"
            class="v-icon notranslate mdi mdi-checkbox-blank-outline theme--light"
          />
        </div>
      </div>
      <div
        class="v-messages theme--light"
      >
        <span
          class="v-messages__wrapper"
          name="message-transition"
          tag="div"
        />
      </div>
    </div>
  </div>
</div>
`;
